*******************************************************************
* Genome-wide Complex Trait Analysis (GCTA)
* version v1.94.1 Linux
* Built at Nov 15 2022 21:14:25, by GCC 8.5
* (C) 2010-present, Yang Lab, Westlake University
* Please report bugs to Jian Yang <jian.yang@westlake.edu.cn>
*******************************************************************
Analysis started at 11:45:01 CDT on Thu Oct 19 2023.
Hostname: cri22in001

Options: 
 
--pheno data/phenotypes/normalized/StandingHeight_Normalized_50.txt 
--fastGWA-lr 
--out test 

Error: no phenotype file found.
An error occurs, please check the options or data
